Mono path[0] = 'D:/documents/project/gingchuangsai/apps/railcraft-unity/Builds/Whitebox/RailCraftWhitebox_Data/Managed'
Mono config path = 'D:/documents/project/gingchuangsai/apps/railcraft-unity/Builds/Whitebox/MonoBleedingEdge/etc'
Input System module state changed to: Initialized.
[Physics::Module] Initialized fallback backend.
[Physics::Module] Id: 0xdecafbad
Initialize engine version: 6000.3.21f1 (c02631ffc030)
[Subsystems] Discovering subsystems at path D:/documents/project/gingchuangsai/apps/railcraft-unity/Builds/Whitebox/RailCraftWhitebox_Data/UnitySubsystems
Forcing GfxDevice: Direct3D 11
GfxDevice: creating device client; kGfxThreadingModeClientWorkerJobs
Direct3D:
    Version:  Direct3D 11.0 [level 11.1]
    Renderer: NVIDIA GeForce RTX 5070 Ti Laptop GPU (ID=0x2f18)
    Vendor:   NVIDIA
    VRAM:     11944 MB
    Driver:   32.0.16.1656
Begin MonoManager ReloadAssembly
- Loaded All Assemblies, in  0.088 seconds
- Finished resetting the current domain, in  0.001 seconds
[Physics::Module] Selected backend.
[Physics::Module] Name: PhysX
[Physics::Module] Id: 0xf2b8ea05
[Physics::Module] SDK Version: 4.1.2
[Physics::Module] Integration Version: 1.0.0
[Physics::Module] Threading Mode: Multi-Threaded
<RI> Initializing input.

Using Windows.Gaming.Input
UnloadTime: 0.560200 ms
RAILCRAFT_WHITEBOX_SMOKE_SUCCEEDED
[Physics::Module] Cleanup current backend.
[Physics::Module] Id: 0xf2b8ea05
Input System module state changed to: ShutdownInProgress.
Input System polling thread exited.
Input System module state changed to: Shutdown.
